// Jest Snapshot v1, https://goo.gl/fbAQLP

exports[`Services Contact email addresses are returned 1`] = `
Array [
  "jane@example.com",
  "jim@example.com",
]
`;

exports[`Services Contact email addresses are returned 2`] = `
Array [
  Array [
    Object {
      "text": "
        SELECT contact.*
          FROM contact
          JOIN profile_contact ON contact.id = profile_contact.contact_id
            WHERE profile_contact.profile_id = $1;
      ",
      "values": Array [
        12345,
      ],
    },
  ],
]
`;

exports[`Services Contact email addresses not returned 1`] = `Array []`;

exports[`Services Contact email addresses not returned 2`] = `
Array [
  Array [
    Object {
      "text": "
        SELECT contact.*
          FROM contact
          JOIN profile_contact ON contact.id = profile_contact.contact_id
            WHERE profile_contact.profile_id = $1;
      ",
      "values": Array [
        12345,
      ],
    },
  ],
]
`;

exports[`Services Provisioning completed message is sent 1`] = `
Object {
  "messages": Array [
    Object {
      "messageId": "wcjrijro-6fca-4a78-ba16-fb93d094daa3",
      "to": Array [
        "phill@example.com",
      ],
    },
  ],
  "transactionId": "wcjrijro-5fd9-499b-8368-72b70196cf55",
}
`;

exports[`Services Provisioning started message is sent 1`] = `
Object {
  "messages": Array [
    Object {
      "messageId": "wcjrijro-6fca-4a78-ba16-fb93d094daa3",
      "to": Array [
        "phill@example.com",
      ],
    },
  ],
  "transactionId": "wcjrijro-5fd9-499b-8368-72b70196cf55",
}
`;
